awk: line 4: syntax error at or near <
awk: line 8: syntax error at or near <
